time="2026-09-20T05:02:22Z" level=warning msg="The cgroupv2 manager is set to systemd but there is no systemd user session available"
time="2026-09-20T05:02:22Z" level=warning msg="For using systemd, you may need to log in using a user session"
time="2026-09-20T05:02:22Z" level=warning msg="Alternatively, you can enable lingering with: `loginctl enable-linger 1000` (possibly as root)"
time="2026-09-20T05:02:22Z" level=warning msg="Falling back to --cgroup-manager=cgroupfs"
time="2026-09-20T05:02:22Z" level=warning msg="The cgroupv2 manager is set to systemd but there is no systemd user session available"
time="2026-09-20T05:02:22Z" level=warning msg="For using systemd, you may need to log in using a user session"
time="2026-09-20T05:02:22Z" level=warning msg="Alternatively, you can enable lingering with: `loginctl enable-linger 1000` (possibly as root)"
time="2026-09-20T05:02:22Z" level=warning msg="Falling back to --cgroup-manager=cgroupfs"
Trying to pull ghcr.io/mheci/doors@sha256:7c4a17c900e447c8982f5107b9b5db47855d5f9f7bde5315264fa417c755f771...
Getting image source signatures
Copying blob sha256:6b7f01779d638f15c0945e4a014942cc5d9336631875e408ba6274fa92814602
Copying blob sha256:af53a5f5b423414ef5088068e9e7b96b7c2027842b7b754ad56aed0c605ca6ad
Copying blob sha256:b6fdd58ef5a6d2f66d63253fc9edef64f879d170ee6efda32e14eaf70b4dc240
Copying blob sha256:76ab50fa9ad96e1a555791ce12d5dd0674e98fbd74b1808bc6c86210b907442b
Copying blob sha256:792c489ebf860cc31216a47abf12c555cba4e2e09f295d74672822cb249e2ddf
Copying blob sha256:cbcc7c91590b8bb6759f377bfed7780d9de745501be622ebd9265bbdf93ad17d
Copying blob sha256:b7ebf2c5a2dbf1d121fb5842187df962af90db1f60e3cc82741ec95ecbba79e4
Copying blob sha256:256da23a7c6652cad4d84dc825176f191b49bb02a1b38224d6a0f90cb5ca4ab3
Copying blob sha256:60775f71d4cbff9ac97d0556f41dce59ab9bddeb00e9443f55c79c1689787750
Copying blob sha256:bd033fa1038c0b76394f9847613e9f1f6255f527c633931429b0d66fed816df5
Copying blob sha256:1e70a374663de7142df8e9c7f3e157120b4a6d7d2b61b4da37ac2a1a9e93c094
Copying blob sha256:69c1194749e09db49a2d58bd0643a55b16484c968f2cbafab58a3b64c7e4320a
Copying blob sha256:7c1f784c8559f5b829908cb5ed0a042ba1ddeb27913767fa95088734a43f191b
Copying blob sha256:b12a3046b89edbe8dd69439f753070f5bfa9a9c1dbb7e0ca45e922549e6a87e5
Copying blob sha256:e4106e0f179785d36e6deac306e2861941173ec5b9560eda0f1083381530b4b2
Copying blob sha256:13afd35eae3ea036959e3b8b26a507469d1baf16628deddff52b8ddabeaa7239
Copying blob sha256:336f2bc1c859917919ee7f41b9595db5d13febb3ba97f9691e9a693be8df1ae3
Copying blob sha256:d3d2066822422e559c1c8ddccde5b67f362f4be149ad298101f7cd95219d7e08
Copying blob sha256:3fb23c747cebac6051539024b9f1ca77cf603d0df749a02fc39fbb9b813e8903
Copying blob sha256:5503f3655999abf5f30ac89af843139d9c9ad1cc1a3f8fac5a5fd32e25a54165
Copying blob sha256:d62a0008e1676b669ec23b2ad8fb4ef7585fffe79b350543d582aa3840a08667
Copying blob sha256:549e270e7e5e38d732a7b6f0fe4d97e520b148512cf41d1b6f3bb95e01ae7afa
Copying blob sha256:bfc8381c6fb8118e1bc37b543daf28d6654316efe321ab7293cbee5f969a99d2
Copying blob sha256:d65a3a7de08a7a1a6dd7f037dc4135b13c478d254d6fa3be8e4a588297e38386
Copying blob sha256:9906e2e96304642f821ef4aed4591bc08767af7b040cfbca0a05f0424a5af92a
Copying blob sha256:5dad5c373cf4bf98dad5834e16ee74f9b6508284da4ff2d326efbe24be22399a
Copying blob sha256:c1cd76194111fb4664c2a3da9af7471e326d92f14aa9ff33db5919bdc7c6cfb8
Copying blob sha256:e150c0a14efdc22e3dc6df70354289d2a88ca1925a65d8250fc0f3701512acf0
Copying blob sha256:9818629a1b8b67a3d075517a678639ad3b3e5787c22306d293d23dfef5be05a6
Copying blob sha256:00fd525de9468b3bb52b80c039ac67cd51fb9c779ffe2a91b1b4e570233cf718
Copying blob sha256:edd8b73c65d13895539fd115c5475d8f6c72780fffe095f98745e4994a72a0b1
Copying blob sha256:ecc7bce24d89f5f9e88a2a76a9d3f8fb48836555bb22920e07bc77459756728d
Copying blob sha256:4117165f7249c892b3ee60f48585880077a4c22291da0eab551954accd46fa1f
Copying blob sha256:9b1eda3ee347812b81adb3fe77dd35d13f1c6c3301b1f01ef699b33b1a686053
Copying blob sha256:d720c0b9cd1fa80327b6c3dc094cf604541f439746be510b3e6948d2ddfcfbb4
Copying blob sha256:d245b70580e506345383ce030bf48296d428ece457268c34089055ff813cab56
Copying blob sha256:72895e11433febb577c0c4d606a7eb996a2dd0ddf5b04cdc242b5cd26887680a
Copying blob sha256:2a6fcdcf6bc9466aedaad7300666c510e85d2280278e2f977f632537da4fcd59
Copying blob sha256:1df140ad41474bd3c15a4f1f112b0995d21176b838efc79b51ad222e909d78ec
Copying blob sha256:3b56ddf2e29db3ede73aef1f554790c6a83278a2e50f296a60e672815187bf02
Copying blob sha256:3f040b39c820d90b6bf66dec663bb9430cabd7e5fbe9fa71bae4dd5f6338b5f4
Copying blob sha256:a4a11e7e524feb4df6b62ee0fbee2f3a6d08bf0744f71b72ceb3462cf3ce32c4
Copying blob sha256:57a119b45687ed58f6b9acd6eed7a3a74ecb7e1c3abcf4d11de3355f78262cab
Copying blob sha256:25f0a5a5b291621823b302e6085a8a2858dda98130dd5242901a50e636a4566e
Copying blob sha256:cf19f591a9a34dd20852da0b6dfe20bebcf26c98247f66313252342339290536
Copying blob sha256:39e5c8189f3d382d8762f6fe577c10fea692b25666c4a86d9510f385ac2c835e
Copying blob sha256:db0971161611cdbb95e161d6e481cc04b42f9acdd7c19c003c0ff4db75f25207
Copying blob sha256:57b7219267b7ea3ddc234bee18fb83d699efb8a4111e724ca3ebc032ff3c245f
Copying blob sha256:f987ae968bdc3d7dbc4523e8ef571487df775f3e37ce380d7ebe9f977a209b9d
Copying blob sha256:f45322b429a48b0bf3642c4ecdd8993b819ad2bfa5e82a3860ab1259414e1b87
Copying blob sha256:f971d86e6be5f068fb2ba5d8e879eaff35975c572339f702bfe3d2e62698dc36
Copying blob sha256:9e988a69aef457496e979f8cd866eaaeaef24da046e7d0225fc21d738ea474c0
Copying blob sha256:1a23460682ac62fb5e82a05a6af8fd3f38ee80242ad57e26d0b00ce11dfb3114
Copying blob sha256:fa521ce87cad604ea61f4806622cda4fe3459b5233d9168dd27deaa74e555f89
Copying blob sha256:564e159cbd50bdbd01af9f9775b4289d676af8a7da86d9a1621033f350b9ed7a
Copying blob sha256:9c683fb5648e01849eca33dbedee692edb92587bad4eaf1f4ee487424dc82808
Copying blob sha256:728ea8cd79623e3228910eed8a03fc1888c750a2b8aaa7ba0f8f3365f82b5e75
Copying blob sha256:b07e135c6e6d9a665de3a2cebf7b3edd1c2a0115d7868579ab1858de77d9f396
Copying blob sha256:b194e12c684d9f7f680b2c1b90f73e716fbb2fe27b0fc6867f7447f89cac6e9d
Copying blob sha256:1523a6c20d73d7e6cbe14dfb35382eb2d263a29d49a55a253b01e7329c5c03cd
Copying blob sha256:837a99e92a620724f3c3cbc644bcc6c9a20d2ea5bc2d0f1b254dc4d3b9dc3b21
Copying blob sha256:b7ca8a99c691ed7ca57ad4e5bffd874f3fadc479f8b086747b17acfd73e90910
Copying blob sha256:08b53059991535e869b07511df1308e4368e721174755f5c279f07de9f4adcba
Copying blob sha256:95b1b966711edb7cbf3ba39370391e97d32e8a23846e7c16f323e426f06c736a
Copying blob sha256:fc0687541de38ddcae3cc865cbb7fe04c4f20ceb9ef51ece5421e8e381d8c6a5
Copying blob sha256:e3c5dead9527ee0521797715842ab258f7660bbb3fdd8dc0bebb42f36a253e99
Copying blob sha256:7f3a4b57e195022c7ea0199a4e8fa5dd429271015f8e0c801367470e98a18786
Copying blob sha256:c7dd71f108f1bbdcbb171f55f1a5d2fcd9d38320e72e100d4d4cbd92e6188e26
Copying blob sha256:29451c6646476132329b5e28b6e3eab9b0f3157464c2b394b645e8d9da71fb66
Copying blob sha256:b0be890c5534c1d2cc6d4a287d9933c2c36c22e9b92a441bf48375592882eb5e
Copying blob sha256:dcf22108f58ab9ada01998296bc2f29b805024974e818c9bf6738d16e9332cd8
Copying blob sha256:ad11f37d46db5d4457e26e7f670f7f74b86ec8b2e0d560a40967357004fa3f2b
Copying blob sha256:160687e739ee25740d21f3d4ee450d8633c371251acc80a4242215554cff26cb
Copying blob sha256:10efe8fb377375f17cdcdd510b390d97e0167f6cbb3f2b96cd2f2fac9534ca82
Copying blob sha256:50fa9fb9810b911e80ae2732052598430001e0797bd5094c4e253de41dae695d
Copying blob sha256:8cb04cdbedde47512013b1837a0ca246027717ecfba646307f5b9fc29b961da8
Copying blob sha256:88969f2ff1687d0b2ad89165239551d96f6f2d4bcf60d308bcdaadffb9963b02
Copying blob sha256:377334d8aaed6cafbda8041765171f8ba1a79fb254c1c47519981c4569e4d961
Copying blob sha256:eb8dc55d004486ae4cc2a7109c595369e3a9bcbbc12973420bc1db4489c6409f
Copying blob sha256:8ed97316970c6cfbbc0fd530c70796a36bc46939c18fdae4e5c59fee5417e3cb
Copying blob sha256:d438aede2be2c49314481b00d36b4922fe2b20cff6246be5a5eebab1294daefb
Copying blob sha256:d84583aefe5861c90676ac74ea3b4ef1f5579cf4c4504c49d56d89fedcf2c9c3
Copying blob sha256:1cbc51de15bbcb43c0eb467f4c14046759365ac929d9903c14508b2cab750f75
Copying blob sha256:2e3fb4810bed198eb44a63396e03029fb34f0d0bcf27305419fce5bfecd8fd29
Copying blob sha256:8048d771744de08ee78b216a96e3b987f965497400f5a510574154e441eb00e1
Copying blob sha256:f41bd6b553ea702a499cce00f44bd98177fadec42352c31d1465b8be338bab6e
Copying blob sha256:35269d272fd5b2509fe3dba6b65c84a58d553145af7f959006ad07648e882594
Copying blob sha256:a105c20dffe2b2cbfb3b64aa19e9a74c245c164edd538ac085a5c29d5ac180d7
Copying blob sha256:39006297b3cba0d13125b67a8b40135401f4bc4350005aaec17fa1238c84b871
Copying blob sha256:d3732f6eceff66f3f00b4c18b8c3e109b95e74c0d3904797c9d582ef2398b8b3
Copying blob sha256:01f7c9aab7d79ea8d03c32084a1293746391c3d7de30f9a3b92e5bb506a8be9e
Copying blob sha256:82b460d32b1f95ae8d6b2bba86e4fd7a5ca4518782a45f53087eaa3ac0f9f35d
Copying blob sha256:0f1389cbb2aace84f2721266efd1a71c07e9b307aadb2d6e3a15be75719eda40
Copying blob sha256:300816996d7941587e2e8e8dcc4dbca8a39ca4bebd8afb1ee3228ae34f0841d7
Copying blob sha256:c57b7358277f343b0eb62142b51d484a323412debb4ce1f185afda6c86dfe846
Copying blob sha256:2681d71a4872086ee76820706ce586cd703a59c89e1a9774dd0ddbb8a18b6209
Copying blob sha256:cc17ca1b022ce4cdae76f56746929fb5489184e21dc3a7a8b147972887580ee4
Copying blob sha256:6f9c7e9e65df350109c8cdc6abb257b72be7272c405e40cdc926c2c4a0df38c1
Copying blob sha256:fa9454dcf4408ac45e54e61fd9d215b0c9d7da0c938ca079cb79609c1c6703ec
Copying blob sha256:aaee3e07797102456c7bf3854579dd2f7f614dbe8eef4519e179004d195c78b3
Copying blob sha256:6da43f5fb1fd4db931a3bbd1b7856e0e5dff656ddb137e67ab94fc9fd6be2388
Copying blob sha256:1b119808e9562100ab496f39de3a87fe32b69a286c327e079a3fb5fd0a350c21
Copying blob sha256:b8d2e29bedc0b210a7c53a9f7fc1e75169d3449c17fcbf5b43b953dca28aa89b
Copying blob sha256:f5083c68688abebd4238737b2d32930b1a58413163abd0ebcbabe502139ee3d3
Copying blob sha256:a7fd35c1faa0e70c98bcf85f99717c3e430b93dc8bf67366f1c308d982dbaef4
Copying blob sha256:db55d082ebc8cfd7a2ae7fec678dc3f6643501ecbb33767285c8cf3a1e40dd49
Copying blob sha256:e41a06306f6d512a7a05fe33325451eabfad4a68b38593dfdd377c494f4d4644
Copying blob sha256:2eeca473edcf9660ab68b10972c63f8e47f7663ba1096e27a4ece6396fa81c18
Copying blob sha256:0c3f1c0ff1f5e15f73f80597765a1b32e0cdef18707600a449d8b2060235f29c
Copying blob sha256:805057d08f202f1ed9ac13d7642b8b8b40ca24935f2d009ba4449034bd41fdbe
Copying blob sha256:0cbdc60157e230b4f5317b896aec805bdedfd9c93087c4dfdfe0f8357a2d4615
Copying blob sha256:fe903f3194d028155fbbaf45c57eb863a6ab344c85f83329f6ec60c283555a4d
Copying blob sha256:01e318d3d79c181c2c1daa774298583ca56d3fd81b7be1f2f862dbe8dbb3d90d
Copying blob sha256:80cfe1f509c8a73c22962f4cf717bc971f729eef23811a4090e2e6c99c4abe71
Copying blob sha256:a9865ad601ee93b87959d4d633fe6e7bf3e1fbe4869cd109860ce577e1f94cb6
Copying blob sha256:b7fc8bfe8e2feac7054d7e06cf39e6fdbaea17594b8d2eefe3d13eca1b275a80
Copying blob sha256:c2ee97be6073b7418fa7daa690f6894e17d1279398dcc96761c6935e990a80cc
Copying blob sha256:dbab71e6a243dc2ef4731079cfaf1600ed708c09a3b4cd78df46ece497a085f6
Copying blob sha256:5ab8cf34e68d8840af1eb7d4a60769f29c98d16999521b6a3c2db2f257bb7fac
Copying blob sha256:50abcb81faec331c319ac0815354262f06069a6716c32576c5084a28ebb0ce80
Copying blob sha256:94fba46b80ea6da1c12c131f95af13ec0792f0842bfbebbfb1edb17dc241202d
Copying blob sha256:27c7d70f2194650757e583f108f231be57ee6939f73d2886bbc93134205eb75b
Copying blob sha256:fefdd9ad1b88f03291cc40ec4ef85b96cf68f00e8c9348f92452ecae7821f567
Copying blob sha256:f9cdb7e98ca3ab1fd07b6cdd30e3b45b79e7e2e7580d12e30dd6214457e725fa
Copying blob sha256:0c793b8db7e5fe8ac61ab939cbde68e28da19baeb1c437d4dc30a1d7a80a97df
Copying blob sha256:76a7ad1dd4d20bf2aaffa4a8d1e057c78d621400535a62d3d620629fd749e83a
Copying blob sha256:97f7ab25e4ad1dc6acc059cf3f1b25ffe6c89fa5b1d2d762179bc0541c0ff059
Copying blob sha256:ad85e00159c5c85bffb1edf90afab9f05b03119b58b8b75c94f455bb04943563
Copying blob sha256:9a812beb4072106fc35b4d99f8f31116e6a05412a35323cc2f82c6a315e49f80
Copying blob sha256:1df8c74a3267894b9d75ffd469c7cbe6f8e7416dfa5609eb988ef643291ab1fb
Copying blob sha256:e11d147f01bb4bb8874cc545cc93895ea352a010d12efb7688c044f29742cb03
Copying blob sha256:14b5dec38174dcf02deb08bfece35a9024c78bb304e7794dd59ce9e3611356f8
Copying blob sha256:a68a92ad0723ba38f0478e35d5f644a32256d29600944fe19609bfc19a23cf5a
Copying blob sha256:b22576c023f3d22bde070871fd783cb37406b95ab88fc00e94cc6847f0cc17e3
Copying blob sha256:d62501af9286a8693b2091912cd2b2199004dcb9e3db552adc59c73ababe837c
Copying blob sha256:bd03a740f44d90ff55a012170635eb19e4d928034973867e19e84d072921b7d8
Copying blob sha256:b3a7c1efe6f2ad321654dd0ab5e4fa489314faa42b50e5a8d07aa17e091a3cbb
Copying blob sha256:582e05bf1137c808237f5129950fd49df20d940ea7b24e4fb90904ad629f7d66
Copying blob sha256:9487fd71908c9c9d15f7a40c82dfc0d09b2bdf983829baca3fb03473f53023c1
Copying blob sha256:0d0b8184e4cb53bd6933ee1db79bdf40f1554766873da8f47626008e2082e6c0
Copying blob sha256:cc096fe2e5697cabb093666619c0c10dd2c6a4f5249887bfd7d156e7c08ecb44
Copying blob sha256:aeb3fcfbb93f54af92cc635506dfd259255d07903d0d25eb2543e7940e0c5722
Copying blob sha256:8f55ee1724660514d380687e57fcfab850b55114a3ae6ce02ef27bdc28ef0d29
Copying blob sha256:2f3f37733949bcd1c3fe8a73e5aac006b4c48b42b282e775f975e0d82fba6022
Copying blob sha256:a62d11a9e27041fa23f2b65e0d6a8289c918660ca7c5e5883f7181c560179150
Copying blob sha256:963565d951d57fb2114273dd95a84dc64a561fa5635f78181a586ea0660a4681
Copying blob sha256:0cd50e5ed1e4a44802cd535f916e49e526a25765271947d596ad45ff76b37643
Copying blob sha256:4526ebd64bb0e1ca63c4f10d50f53b321ce89d1b872d2ab46e51feca401a8271
Copying blob sha256:5bfad5506daabcea86d1d6aa7ca13cd728382b7390abe4d59d1b1af64993554b
Copying blob sha256:8a5d71ccedcc512ae7b1da32a0027495e26f03aad7c907a52b55f7961abdcfcd
Copying blob sha256:365b94ff2d34effdb3cdd8b79e49705ee0bb4491597478f6d864c0beb17054e4
Copying blob sha256:0864978aa5a81781a5aab39ef744a62d5291a1876c0a7cda9b8846a3f0af153a
Copying blob sha256:bac213331732aaf0daa9b612354fa5f707a112b37ba5827b415ef28d55202b57
Copying blob sha256:63f9e2996cb88727da3c715c7181f5600f57a0afd86635ea5ea20a29a55f4540
Copying blob sha256:0ae6b57d84e7df20a2db3c37ef6b458910e265851bf0b2b7d4309190a7f30595
Copying blob sha256:045c01e9880d2b5b4c38035fa5cedeb1621a5830ffa4ff0cf65a93df6c46c529
Copying blob sha256:9d1d1aa6fdeb21cd22003d8b018bc32475dfb4cc20f9b9c9164f2cb8ee1f3ac5
Copying blob sha256:e068541ac13c0a2c055e64fb1618eb241c3a22c5446a73bd5db87208ab6dd6e7
Copying blob sha256:d396dea17b23f4369266db56e06274a381b7e406bcba3f6e9888a68a982dfd4d
Copying blob sha256:9ee2bf2096922075233f9a621a8eafa4a6c3a68f926fa7d00d78965290d2b541
Copying blob sha256:53f6f282fd6399bb76adf00d710215cfcb5ef53ab53274e09768c5693ebd3b02
Copying blob sha256:713653cc7b86b072ccc1655771d5e0085a7f1a80bdd327cee93fdf323ba252a7
Copying blob sha256:5a3f2f351d6b31dc87e540e0ebcac080da7439a071f50a25c53c6efc3131482d
Copying blob sha256:d3e2d8a914289489083a735d356ea22b5f6383db47cd46232447b1d63c4b3bec
Copying blob sha256:29083c669060c2086bed249da2c8d96b4952c6af5889de603d0cfc820bb029c7
Copying blob sha256:0a3ac940a1f46f24cc54d9f29271af33f3d72f0ee393316081758215c9d11929
Copying blob sha256:c47d8824783d3ca88ed226c3c6edb54743eede9e14b789e56bc5b2cb0a8a8238
Copying blob sha256:4c7babd97a742c9dbb9063d33d93dc1b8cc0643217a1baf6badf4156175a082f
Copying blob sha256:2c3c908f2ace6fee129fbe9491ee26dd5720a6ccc6d63cc9706a7e3a2496d120
Copying blob sha256:96513e3ecc07e695f5df4ac95493f0b8060c00167fcf20d67c32499df57d6a70
Copying blob sha256:c674d524ae88e93d6a0fee9738c7635678d610dc2e45e912bae724125bcb2c0b
Copying blob sha256:0f3ca5d13b5bfc2d6fcb552bf07dc8b83e525c36fc902571ed441b97c032ba77
Copying blob sha256:471b1f13dd722727e0d429c0ee59fe54a0983a26eb53058b2964edeedce89f61
Copying blob sha256:cfb4baa4ad1cd22a143f3e7aeb367033639e30ff84195f732b8bc43f204229c8
Copying blob sha256:d32b566f0bf497ebb5e65250841091a6567241af04007bd552b2696b6b26c457
Copying blob sha256:8d70739cddae9bba54def8421fe717a1bad3cc0012b32792fc81891551ad8a1c
Copying blob sha256:5cdb1b2cf981ff7175e13d48b7a603ccdb9e4e7e66e0796dd6e7209092e2b1d9
Copying blob sha256:326c59d398367baca6839563a408c59b2a836de250eb183e936244e57d92a616
Copying blob sha256:1aee6ce09a278c030026a6fdfa60bdb089b11dbabc9a3185ca11bb6e8d12f641
Copying blob sha256:1313d3bf565071675d4bb4a78125e5b09948e10aa6be9b5f6a2b447209e55b2c
Copying blob sha256:196d3285911d47a7233067f4c99fac311880110ee8ba865b83ac93d4a270a347
Copying blob sha256:b31d68a90aac2d029d1bd72385832841e67f873d8fc98d7ce186f08c888f2ecd
Copying blob sha256:d346e96a23064ffd1af7b916cf068728889d2cc53b04ca1586d9277814f5e0bb
Copying blob sha256:026deb76e5b81f333b552c89f4d3182088854f38c71bddecc6dfe7cb46460d06
Copying blob sha256:5c43e6ab1cf0fa2460a9157ced878a7ddc2b8cd40de19624ab4cd273fe0dd51d
Copying blob sha256:920dcca6108bc25629dadb735392bc66d55731a04c61874cbb66c06f858975b9
Copying blob sha256:a4e3542a0bdfd4d28d692bbc5a4c0075dcd2e4314cbf2ea5b561d0b1bf214121
Copying blob sha256:d6c2b633dc4dc7035dec61dc641fe00bf6d89b0c694c529bc19a4a2db8ece546
Copying blob sha256:1980f72d54ccf1bff6a80a5eeeb84ae875a6bb199b59bf79247373f2032f798c
Copying blob sha256:ab9925d2dc70f74264b895214ff22793015a26d1dbf4a3a1462231cdc9a95d40
Copying blob sha256:de134b44050ef81b252281526e7626744e35962921a185dbd0b887068049a6bb
Copying blob sha256:22ae20b7e0cc9e8c53f58e02e65f6f08b38c2e3a6ba861ab0a33a59d336e7232
Copying blob sha256:242a02550ab9a828ffa84f0114fef8eb58c8144fad284264b8fa89253a64d3fc
Copying blob sha256:37c0239d9d607894b6ae1d548c7e66e16736a9b17de2801293a2cee504e31204
Copying blob sha256:30f696b9893ca57179fdf6218870764ae05e85908e25c8fb5fe175be939bcd5c
Copying blob sha256:c6718edb2c96befc8d1b5c02ebb787c0da149cc1c65ceca78a5bf2135312a4fb
Copying blob sha256:53a0ca799e5c74a73ae04aea9027ccfccd26884f483a04f133a07b0eb4ba3495
Copying blob sha256:cb42b4985e65892821baf337a8413dbdebc277250297666ccb04cf37184f9e6b
Copying blob sha256:2495fdec0ece9ffce2712853ac8ca7ede9cf2cdcce96217df470d2215496d3a7
Copying blob sha256:b1d7a647906030b380de2446506c91cd82e5d4b2ad5555c0148bd5773befee8c
Copying blob sha256:19ad136b97eb76f1dec79286aa97e4763af21c383c46180cb10c45b2d8ef6a71
Copying blob sha256:9fcea25273c35c228c2722444dc687546e7488b2247e40469acde979ec1d0a3a
Copying blob sha256:9a10b9a546386d0682107604b5bab52ed068c08d60e60d1007fca79e0c030ec9
Copying blob sha256:6080e915398be5c70c53b57882fa32719819ada33e0d71f86ca4bfc55968ffe8
Copying blob sha256:9f0da738051abb8b2c0c13048c1a8ab0c0a44ef402b1ceceb20c34233e3c2764
Copying blob sha256:7c327d74add1016e413427e732eaafd455f0e40f54a97a7c8aca803acd247078
Copying blob sha256:70e7181e184d3c7b2ad983bd59b7384c82f8487aa35ced5253c69a894e78652a
Copying blob sha256:f73f65c62cf6f554857af04d19d1b70d12758d29ec5732daf7e5e9d08b8c54c0
Copying blob sha256:3e46f3d3f0096078d4ffc49df824f0923d7de877914b85913b9d806e5ed0273e
Copying blob sha256:a4c047727d8253a20e7730a1eaa67bd28f91a2b150fd69cf902ac2919ddaddaf
Copying blob sha256:09e80ca65fb2e898e9803bd73da850be23d5b056436d6a4af3369c28473d782a
Copying blob sha256:d5463f27315f07d0081b80a49b88bf66a8949aea8a75bd91c6ed77c8b933d2cf
Copying blob sha256:eb33dccae41f3dd90e137bc85356197f7b3265387ac13f538f158c4d384f5cbf
Copying blob sha256:a10d0d7c01166507ba08dc68ac86d6580d048f4c6a5d2cfc6988d7bd45bc5dba
Copying blob sha256:a216688a7b28cd23b8df1006324d85a813d57ddf03f9970282129bdd87bdc63e
Copying blob sha256:acb2fe97d84a434fc24c86e06d65871659fe8058ea40e2ae27081e9b58b9fd68
Copying blob sha256:5fffc7d4f95461eff38857a731f5042a4f35d62def8e7f15fabebc180bc3500d
Copying blob sha256:a55d6d8b1848ca68cd9312f9cea2bd56a2cb2e3dde2be1a909ec4cdc05cffaa4
Copying blob sha256:cae5a698ddb8656b4f23643e3a0066b7ce2a95f414b58475717b4f1e810628e9
Copying blob sha256:563c6e0e945fc044f336fe63ca9e39e01a8969ec97123dcc927ac8710d90563c
Copying blob sha256:e6c2b09b0afdf772218d8c1df8de845a7e633f8446babd1828724e137eba0ed0
Copying blob sha256:115a3a71fa8d1708b0b90d25e1bed60114b6a323882445310bbc373972123e8c
Copying blob sha256:d4a1f48a79d3292377545da18980aaa3dcde633ab25656278ce71b4ebefdc070
Copying blob sha256:bb4871f0276f9854fcb96377f5f68ecea6b34d9b7ca648a7ba7cbb29b6fde7a6
Copying blob sha256:b640e4515b4b12e15a1306d5d27e222e3df3af3551afeb37442cc79535adf559
Copying blob sha256:fddcb725a317a911d0da069b332d442862e6ef300da08cbb9edffee2a829202f
Copying blob sha256:9da38b05f2addfbdbddf049fcdae1df9c08e5f844ca7a2e2e245916ee88569e3
Copying blob sha256:9fcd9d33bc0ea30c678acb4f37564c5a97f928cf91c6de55997a04e87aa7514c
Copying blob sha256:20f7cc1fffd103d367d8ab70cdad0df16ade1b72f594599be2a7377a58dff939
Copying blob sha256:55d1131d2dd86aa642cd621cbfb15da8d9299ba575db198f7265ad388de6358a
Copying blob sha256:700d88be3404b14700cd0def1519815148f0769b935726e2053d65b0b3392101
Copying blob sha256:4fcb8beb9fe4d710d7f4091137bd5f77bdf15b6212f0ff4f93d51bbdd5952b90
Copying blob sha256:84f1babbac2b2d0b53eefb9b233e6d6673a0b7432fc0d9030987e9eb603bdb5b
Copying blob sha256:2767f17c120de16fed2576e75f6f4a6a88b776c671a0317e7795abf0463c783a
Copying blob sha256:1b9e5a92c821121d3feeaf95f66a5278ce867250940605105216d74ea4d7d44d
Copying blob sha256:ac3ae489efa53c94dfa12f21aa18779419985df4fe80a6c4a720ef3569d48cec
Copying blob sha256:e46824193a6d4dad2890a01fd1e5cd44b145bf3038875e5dc5a952cc1cab959a
Copying blob sha256:8d6792223208deab0021ee019e743a09b3e5b4b8aa22984d84f93a05de3f0237
Copying blob sha256:ef4c03f970d88a716d0402e838818ac1bea7996078053c58e18e56992ec818ea
Copying blob sha256:e8e6eddeab67821025d87314f801d2754bbbf9343567207c21be94f7ce1a6e7f
Copying blob sha256:39dcceede1aa746e1fe6a8ce020919f722455230a4dbcc542bb58dd33ea07606
Copying blob sha256:281c02be39e71e0bf6772a9443e58788008e8887feb16f0ea7a5830368c13321
Copying blob sha256:a8f8db2dd83331e4c7603fa78f51f7a5c8fc257e5ab55c95e5355b4a142ddf94
Copying blob sha256:99fd63ad8299b3fc1c673e3d9ebc6195599eb9687bc6031e6ba11c2a609dc23b
Copying blob sha256:bcd65f54df55313e3283821ddcf3e50ce4e990a09d18111a7b0a5d723de3846d
Copying blob sha256:8fb978856cba4a3dcd440caaa5cd9d7953bc808288580661c435e1fdd84e6fbf
Copying blob sha256:2d01be640b11758c1d61853a01b5a4beb0e115bb012e8267a288537e2be43ffb
Copying blob sha256:2e960c93f5ecca7b043b92299f94e8d225f480c1aeb39155f46310d527819f42
Copying blob sha256:8d2ad34dd679e276480b81a430396fdf5b6739e60ffb54df1711cdd3dab370b3
Copying blob sha256:9c7a778fa9b2f107263ff7acf6da68cae03fba7839be2677bf219d5cd00edd09
Copying blob sha256:9d38e320282a9fe7ca85b96a979296230df2a08c46043ec8df05c4f51b42c5d3
Copying blob sha256:e606f17d4a94be41303cf6bdaae711ced74a95c8bafb21dd2141821519c640ff
Copying blob sha256:cd6d5c5169585ce58a17855122aeb88c04a398ff2b998296e3cf4fd2015f23f6
Copying blob sha256:bb0b26b25c4c71e4aa95f58eb26974a1a2c1b14c1f065c0d6b78ad987439c64d
Copying blob sha256:0b906c3f9af4e40a254a28d2c07ba67d87cbcdaf0ffd4eab649d89e83695b475
Copying blob sha256:9a4919a53defbeaa685bc7fc0c32c3c9b442f5ff441299448fa3696794bd86fd
Copying blob sha256:324cc7db9e6968f2ce9e615e901477cb5ffebcdd3844dc079e3f6050a7321020
Copying blob sha256:174865e14909b73066b0a8a41fafe05d7d53d1a4fe14e7a43c633d8068e7140b
Copying blob sha256:bd9ddc54bea929a22b334e73e026d4136e5b73f5cc29942896c72e4ece69b13d
Copying blob sha256:5daa148df151684ffcb790433a2415407aa2693e5006471a62150596b84ab759
Copying blob sha256:a94ada630179dd2d6d69eb91a8900ea485b15505af7a34cfeb54aa42f78a359e
Copying blob sha256:968324bd37134b50cc997a72c2abdaf305ab3364ad1519f0f0b901a41e4a4639
Copying blob sha256:27043c3ec4a874980feca429dc1dfc785df4ee0b87069f28c228fb3c88b69f91
Copying blob sha256:0f0b07e73065b01e604864da945af8319ab901cecdf53eb874f2c965dcaa7577
Copying blob sha256:c42b180e9733275baeb72655336a599a1599803a828e37559374a6e5a04d5ae0
Copying blob sha256:0beefc84a0c67fc4dfcbacb7d6745ea66d93815fa86b9ff16c19fd20a99149db
Copying blob sha256:600b83f40d5222ecaaf920c6388ab8882d9b2f0285deded4e1e69142bd8b35c8
Copying blob sha256:8e1dc0bccc4564741e4711f714a5795503153ba736606543a7ca67f1497b2367
Copying blob sha256:b5eea365d26ea822520ac28c8a8280ac3239b35c2079d911b3968ddb530a2e70
Copying blob sha256:62c5fa36b1c779979e62cd59fe34b00e8c7448e1fefb3ecf3ec1ef27832d00f8
Copying blob sha256:4172f6e493c5e348e4bec76951223e9913762b4c976d03855cd79d4581eefc30
Copying blob sha256:0f77aa5e31f9c95609615d91346ac286bc982d1a638db8feee8b24d0dec7a2cf
Copying blob sha256:cbefe48dce668c5b34f4c28349460cdacbf11f3201ac42d18c04419aa609d189
Copying blob sha256:8da4b3286e9b59402e8ebf241672242fcd5a83836cbe4fd4727ffbc28937d33f
Copying blob sha256:fcf11b19629e784ebaca9a4bfd460b436effe58cfb2ecd4757cabe75b7c7ad3f
Copying blob sha256:cb586ad8c073aa80f0d96eb6b127bd5effd4a35e2d4e2560bb467f01351a39d4
Copying blob sha256:f0ddc1c32d5baa3171a9e0d096d4731b2b900427ecaf4ef8aef315622fbd6069
Copying blob sha256:6625d4081125643b73325cb256e74795a71c7c0cd78a7643f8a78cbb9b5ff19e
Copying blob sha256:d75f00241955ca5ba6395c5ef6409d1f784a1d640aa3ab7ce0e30353264dd0da
Copying blob sha256:e8d293d45a27769579c7183cdced8178be01d12db090ba306049cdb9832cae11
Copying blob sha256:fc794705768873a9ec6bced7c92ba89f5c123f7ef6591684b395c138ee7d2358
Copying blob sha256:e2f991663c590e27d5c7cf602a0ac6eae395cbd986b68d538e1a2beea28cbb8a
Copying blob sha256:580485998f4fa5fc8e10e971d3d176e95bc930afb21cb0d3c53a10204b962941
Copying blob sha256:a18003859a99f870e51a983702d83a78d7064a0c0a53e8a600b02f9dce6b49a2
Copying blob sha256:6bd146959257a33f55ff34c3840f3df534d66df6efa79114bbe5f5d6cd225b09
Copying blob sha256:e9d3c2243fbcb74fa18a218d488c05cb94b024e3ad264a45717e1af54f5881ed
Copying blob sha256:80e5cf4266a636b18f24d19839d4830375030d9ed9ff5115992681dda206a8a5
Copying blob sha256:105dae6fb833ebe8d5b34dbdae0c41d7b300a6b093aee28e72bf1d48c2e39e71
Copying blob sha256:27beb75858e3d2c4c2a48416dfdedb3e4d95a0ad8217373e8ee4f15c3625464a
Copying blob sha256:19547fe02645a2b19c9e51dfdbcf228fe1c5a198f992e24914248d8e476bf63c
Copying blob sha256:b10682638bbc0119ef434dcd9f09d474e2a372a6502ec26243fbe9c35b85585e
Copying blob sha256:e5e3a2bddab2cba289a175fd7d21c50464a695d00a53752d915ba930a0d74a54
Copying blob sha256:b9a0afb01170222d0b36afbe4ce63c76bbf0ff00ae70fbbe51a7d95ed67557ba
Copying blob sha256:ed5a4add8ece4ecf84d90b40d2955efa5620d8c691ccff7ef425b9bf851d048a
Copying blob sha256:cbb48b41f1d91c61334485ef09662fefae9c886ff05bc45efda4d5a0e5721132
Copying blob sha256:ce534aff5ec87d7e24fd1dece80ce34005dd194a84a286eb140e1d661722b862
Error: copying system image from manifest list: writing blob: adding layer with blob "sha256:174865e14909b73066b0a8a41fafe05d7d53d1a4fe14e7a43c633d8068e7140b"/""/"sha256:74f01441dd48a351d7b9f8ed3dd6e9d8212ab02975e4faef37dbb54f449f4a76": unpacking failed (error: exit status 1; output: write /usr/lib64/libvulkan_powervr_mesa.so: no space left on device)
